// Jest Snapshot v1, https://goo.gl/fbAQLP

exports[`EcrSummary should match snapshot 1`] = `
<div>
  <div>
    <h2>
      Quick eCR Summary
    </h2>
    <div
      aria-labelledby="summary-box-key-information"
      class="usa-summary-box padding-3"
    >
      <div
        class="usa-summary-box__body"
      >
        <h3
          id="summary-box-key-information"
        >
          About the Patient
        </h3>
        <div
          class="usa-summary-box__text"
        >
          <div
            class="grid-row"
          >
            <div
              class="grid-col-2"
            >
              <h4>
                Patient Name
              </h4>
            </div>
            <div
              class="grid-col-auto"
            >
              ABEL CASTILLO
            </div>
          </div>
          <div
            class="section__line"
          />
          <div
            class="grid-row"
          >
            <div
              class="grid-col-2"
            >
              <h4>
                Patient Address
              </h4>
            </div>
            <div
              class="grid-col-auto text-pre-line"
            >
              1050 CARPENTER ST
    EDWARDS CA
    93523-2800, USA
            </div>
          </div>
          <div
            class="section__line"
          />
          <div
            class="grid-row"
          >
            <div
              class="grid-col-2"
            >
              <h4>
                Patient Contact
              </h4>
            </div>
            <div
              class="grid-col-auto text-pre-line"
            >
              tel: (home) +18184195968
    email: MELLY.C.A.16@GMAIL.COM
            </div>
          </div>
          <div
            class="section__line"
          />
        </div>
      </div>
    </div>
  </div>
</div>
`;
