// Jest Snapshot v1, https://goo.gl/fbAQLP

exports[`ECR Metadata should match snapshot 1`] = `
<div>
  <div>
    <div
      class="padding-bottom-3"
    >
      <div
        class="usa-summary-box__body"
      >
        <h4
          class="usa-summary-box__heading padding-y-105"
          id="summary-box-key-information"
        >
          <span
            id="rr-details"
          >
            RR Details
          </span>
        </h4>
        <div
          class="usa-summary-box__text"
        >
          <table
            class="usa-table rrTable"
            data-testid="table"
          >
            <caption>
              Reportibility Summary
            </caption>
            <thead>
              <tr>
                <th>
                  Reportable Condition
                </th>
                <th>
                  RCKMS Rule Summary
                </th>
                <th>
                  Jurisdiction Sent eCR
                </th>
              </tr>
            </thead>
            <tbody>
              <tr>
                <td
                  rowspan="99"
                >
                  0
                </td>
                <td
                  rowspan="23"
                >
                  title
                </td>
                <td>
                  R
                </td>
              </tr>
              <tr>
                <td>
                  e
                </td>
              </tr>
              <tr>
                <td>
                  p
                </td>
              </tr>
              <tr>
                <td>
                  o
                </td>
              </tr>
              <tr>
                <td>
                  r
                </td>
              </tr>
              <tr>
                <td>
                  t
                </td>
              </tr>
              <tr>
                <td>
                  a
                </td>
              </tr>
              <tr>
                <td>
                  b
                </td>
              </tr>
              <tr>
                <td>
                  l
                </td>
              </tr>
              <tr>
                <td>
                  e
                </td>
              </tr>
              <tr>
                <td>
                   
                </td>
              </tr>
              <tr>
                <td>
                  C
                </td>
              </tr>
              <tr>
                <td>
                  o
                </td>
              </tr>
              <tr>
                <td>
                  n
                </td>
              </tr>
              <tr>
                <td>
                  d
                </td>
              </tr>
              <tr>
                <td>
                  i
                </td>
              </tr>
              <tr>
                <td>
                  t
                </td>
              </tr>
              <tr>
                <td>
                  i
                </td>
              </tr>
              <tr>
                <td>
                  o
                </td>
              </tr>
              <tr>
                <td>
                  n
                </td>
              </tr>
              <tr>
                <td>
                  (
                </td>
              </tr>
              <tr>
                <td>
                  s
                </td>
              </tr>
              <tr>
                <td>
                  )
                </td>
              </tr>
              <tr>
                <td
                  rowspan="76"
                >
                  value
                </td>
                <td>
                  D
                </td>
              </tr>
              <tr>
                <td>
                  i
                </td>
              </tr>
              <tr>
                <td>
                  s
                </td>
              </tr>
              <tr>
                <td>
                  e
                </td>
              </tr>
              <tr>
                <td>
                  a
                </td>
              </tr>
              <tr>
                <td>
                  s
                </td>
              </tr>
              <tr>
                <td>
                  e
                </td>
              </tr>
              <tr>
                <td>
                   
                </td>
              </tr>
              <tr>
                <td>
                  c
                </td>
              </tr>
              <tr>
                <td>
                  a
                </td>
              </tr>
              <tr>
                <td>
                  u
                </td>
              </tr>
              <tr>
                <td>
                  s
                </td>
              </tr>
              <tr>
                <td>
                  e
                </td>
              </tr>
              <tr>
                <td>
                  d
                </td>
              </tr>
              <tr>
                <td>
                   
                </td>
              </tr>
              <tr>
                <td>
                  b
                </td>
              </tr>
              <tr>
                <td>
                  y
                </td>
              </tr>
              <tr>
                <td>
                   
                </td>
              </tr>
              <tr>
                <td>
                  s
                </td>
              </tr>
              <tr>
                <td>
                  e
                </td>
              </tr>
              <tr>
                <td>
                  v
                </td>
              </tr>
              <tr>
                <td>
                  e
                </td>
              </tr>
              <tr>
                <td>
                  r
                </td>
              </tr>
              <tr>
                <td>
                  e
                </td>
              </tr>
              <tr>
                <td>
                   
                </td>
              </tr>
              <tr>
                <td>
                  a
                </td>
              </tr>
              <tr>
                <td>
                  c
                </td>
              </tr>
              <tr>
                <td>
                  u
                </td>
              </tr>
              <tr>
                <td>
                  t
                </td>
              </tr>
              <tr>
                <td>
                  e
                </td>
              </tr>
              <tr>
                <td>
                   
                </td>
              </tr>
              <tr>
                <td>
                  r
                </td>
              </tr>
              <tr>
                <td>
                  e
                </td>
              </tr>
              <tr>
                <td>
                  s
                </td>
              </tr>
              <tr>
                <td>
                  p
                </td>
              </tr>
              <tr>
                <td>
                  i
                </td>
              </tr>
              <tr>
                <td>
                  r
                </td>
              </tr>
              <tr>
                <td>
                  a
                </td>
              </tr>
              <tr>
                <td>
                  t
                </td>
              </tr>
              <tr>
                <td>
                  o
                </td>
              </tr>
              <tr>
                <td>
                  r
                </td>
              </tr>
              <tr>
                <td>
                  y
                </td>
              </tr>
              <tr>
                <td>
                   
                </td>
              </tr>
              <tr>
                <td>
                  s
                </td>
              </tr>
              <tr>
                <td>
                  y
                </td>
              </tr>
              <tr>
                <td>
                  n
                </td>
              </tr>
              <tr>
                <td>
                  d
                </td>
              </tr>
              <tr>
                <td>
                  r
                </td>
              </tr>
              <tr>
                <td>
                  o
                </td>
              </tr>
              <tr>
                <td>
                  m
                </td>
              </tr>
              <tr>
                <td>
                  e
                </td>
              </tr>
              <tr>
                <td>
                   
                </td>
              </tr>
              <tr>
                <td>
                  c
                </td>
              </tr>
              <tr>
                <td>
                  o
                </td>
              </tr>
              <tr>
                <td>
                  r
                </td>
              </tr>
              <tr>
                <td>
                  o
                </td>
              </tr>
              <tr>
                <td>
                  n
                </td>
              </tr>
              <tr>
                <td>
                  a
                </td>
              </tr>
              <tr>
                <td>
                  v
                </td>
              </tr>
              <tr>
                <td>
                  i
                </td>
              </tr>
              <tr>
                <td>
                  r
                </td>
              </tr>
              <tr>
                <td>
                  u
                </td>
              </tr>
              <tr>
                <td>
                  s
                </td>
              </tr>
              <tr>
                <td>
                   
                </td>
              </tr>
              <tr>
                <td>
                  2
                </td>
              </tr>
              <tr>
                <td>
                   
                </td>
              </tr>
              <tr>
                <td>
                  (
                </td>
              </tr>
              <tr>
                <td>
                  d
                </td>
              </tr>
              <tr>
                <td>
                  i
                </td>
              </tr>
              <tr>
                <td>
                  s
                </td>
              </tr>
              <tr>
                <td>
                  o
                </td>
              </tr>
              <tr>
                <td>
                  r
                </td>
              </tr>
              <tr>
                <td>
                  d
                </td>
              </tr>
              <tr>
                <td>
                  e
                </td>
              </tr>
              <tr>
                <td>
                  r
                </td>
              </tr>
              <tr>
                <td>
                  )
                </td>
              </tr>
              <tr>
                <td
                  rowspan="64"
                >
                  1
                </td>
                <td
                  rowspan="21"
                >
                  title
                </td>
                <td>
                  R
                </td>
              </tr>
              <tr>
                <td>
                  C
                </td>
              </tr>
              <tr>
                <td>
                  K
                </td>
              </tr>
              <tr>
                <td>
                  M
                </td>
              </tr>
              <tr>
                <td>
                  S
                </td>
              </tr>
              <tr>
                <td>
                   
                </td>
              </tr>
              <tr>
                <td>
                  T
                </td>
              </tr>
              <tr>
                <td>
                  r
                </td>
              </tr>
              <tr>
                <td>
                  i
                </td>
              </tr>
              <tr>
                <td>
                  g
                </td>
              </tr>
              <tr>
                <td>
                  g
                </td>
              </tr>
              <tr>
                <td>
                  e
                </td>
              </tr>
              <tr>
                <td>
                  r
                </td>
              </tr>
              <tr>
                <td>
                   
                </td>
              </tr>
              <tr>
                <td>
                  S
                </td>
              </tr>
              <tr>
                <td>
                  u
                </td>
              </tr>
              <tr>
                <td>
                  m
                </td>
              </tr>
              <tr>
                <td>
                  m
                </td>
              </tr>
              <tr>
                <td>
                  a
                </td>
              </tr>
              <tr>
                <td>
                  r
                </td>
              </tr>
              <tr>
                <td>
                  y
                </td>
              </tr>
              <tr>
                <td
                  rowspan="43"
                >
                  value
                </td>
                <td>
                  C
                </td>
              </tr>
              <tr>
                <td>
                  O
                </td>
              </tr>
              <tr>
                <td>
                  V
                </td>
              </tr>
              <tr>
                <td>
                  I
                </td>
              </tr>
              <tr>
                <td>
                  D
                </td>
              </tr>
              <tr>
                <td>
                  -
                </td>
              </tr>
              <tr>
                <td>
                  1
                </td>
              </tr>
              <tr>
                <td>
                  9
                </td>
              </tr>
              <tr>
                <td>
                   
                </td>
              </tr>
              <tr>
                <td>
                  (
                </td>
              </tr>
              <tr>
                <td>
                  a
                </td>
              </tr>
              <tr>
                <td>
                  s
                </td>
              </tr>
              <tr>
                <td>
                   
                </td>
              </tr>
              <tr>
                <td>
                  a
                </td>
              </tr>
              <tr>
                <td>
                   
                </td>
              </tr>
              <tr>
                <td>
                  d
                </td>
              </tr>
              <tr>
                <td>
                  i
                </td>
              </tr>
              <tr>
                <td>
                  a
                </td>
              </tr>
              <tr>
                <td>
                  g
                </td>
              </tr>
              <tr>
                <td>
                  n
                </td>
              </tr>
              <tr>
                <td>
                  o
                </td>
              </tr>
              <tr>
                <td>
                  s
                </td>
              </tr>
              <tr>
                <td>
                  i
                </td>
              </tr>
              <tr>
                <td>
                  s
                </td>
              </tr>
              <tr>
                <td>
                   
                </td>
              </tr>
              <tr>
                <td>
                  o
                </td>
              </tr>
              <tr>
                <td>
                  r
                </td>
              </tr>
              <tr>
                <td>
                   
                </td>
              </tr>
              <tr>
                <td>
                  a
                </td>
              </tr>
              <tr>
                <td>
                  c
                </td>
              </tr>
              <tr>
                <td>
                  t
                </td>
              </tr>
              <tr>
                <td>
                  i
                </td>
              </tr>
              <tr>
                <td>
                  v
                </td>
              </tr>
              <tr>
                <td>
                  e
                </td>
              </tr>
              <tr>
                <td>
                   
                </td>
              </tr>
              <tr>
                <td>
                  p
                </td>
              </tr>
              <tr>
                <td>
                  r
                </td>
              </tr>
              <tr>
                <td>
                  o
                </td>
              </tr>
              <tr>
                <td>
                  b
                </td>
              </tr>
              <tr>
                <td>
                  l
                </td>
              </tr>
              <tr>
                <td>
                  e
                </td>
              </tr>
              <tr>
                <td>
                  m
                </td>
              </tr>
              <tr>
                <td>
                  )
                </td>
              </tr>
              <tr>
                <td
                  rowspan="62"
                >
                  2
                </td>
                <td
                  rowspan="24"
                >
                  title
                </td>
                <td>
                  J
                </td>
              </tr>
              <tr>
                <td>
                  u
                </td>
              </tr>
              <tr>
                <td>
                  r
                </td>
              </tr>
              <tr>
                <td>
                  i
                </td>
              </tr>
              <tr>
                <td>
                  s
                </td>
              </tr>
              <tr>
                <td>
                  d
                </td>
              </tr>
              <tr>
                <td>
                  i
                </td>
              </tr>
              <tr>
                <td>
                  c
                </td>
              </tr>
              <tr>
                <td>
                  t
                </td>
              </tr>
              <tr>
                <td>
                  i
                </td>
              </tr>
              <tr>
                <td>
                  o
                </td>
              </tr>
              <tr>
                <td>
                  n
                </td>
              </tr>
              <tr>
                <td>
                  (
                </td>
              </tr>
              <tr>
                <td>
                  s
                </td>
              </tr>
              <tr>
                <td>
                  )
                </td>
              </tr>
              <tr>
                <td>
                   
                </td>
              </tr>
              <tr>
                <td>
                  S
                </td>
              </tr>
              <tr>
                <td>
                  e
                </td>
              </tr>
              <tr>
                <td>
                  n
                </td>
              </tr>
              <tr>
                <td>
                  t
                </td>
              </tr>
              <tr>
                <td>
                   
                </td>
              </tr>
              <tr>
                <td>
                  e
                </td>
              </tr>
              <tr>
                <td>
                  C
                </td>
              </tr>
              <tr>
                <td>
                  R
                </td>
              </tr>
              <tr>
                <td
                  rowspan="38"
                >
                  value
                </td>
                <td>
                  C
                </td>
              </tr>
              <tr>
                <td>
                  a
                </td>
              </tr>
              <tr>
                <td>
                  l
                </td>
              </tr>
              <tr>
                <td>
                  i
                </td>
              </tr>
              <tr>
                <td>
                  f
                </td>
              </tr>
              <tr>
                <td>
                  o
                </td>
              </tr>
              <tr>
                <td>
                  r
                </td>
              </tr>
              <tr>
                <td>
                  n
                </td>
              </tr>
              <tr>
                <td>
                  i
                </td>
              </tr>
              <tr>
                <td>
                  a
                </td>
              </tr>
              <tr>
                <td>
                   
                </td>
              </tr>
              <tr>
                <td>
                  D
                </td>
              </tr>
              <tr>
                <td>
                  e
                </td>
              </tr>
              <tr>
                <td>
                  p
                </td>
              </tr>
              <tr>
                <td>
                  a
                </td>
              </tr>
              <tr>
                <td>
                  r
                </td>
              </tr>
              <tr>
                <td>
                  t
                </td>
              </tr>
              <tr>
                <td>
                  m
                </td>
              </tr>
              <tr>
                <td>
                  e
                </td>
              </tr>
              <tr>
                <td>
                  n
                </td>
              </tr>
              <tr>
                <td>
                  t
                </td>
              </tr>
              <tr>
                <td>
                   
                </td>
              </tr>
              <tr>
                <td>
                  o
                </td>
              </tr>
              <tr>
                <td>
                  f
                </td>
              </tr>
              <tr>
                <td>
                   
                </td>
              </tr>
              <tr>
                <td>
                  P
                </td>
              </tr>
              <tr>
                <td>
                  u
                </td>
              </tr>
              <tr>
                <td>
                  b
                </td>
              </tr>
              <tr>
                <td>
                  l
                </td>
              </tr>
              <tr>
                <td>
                  i
                </td>
              </tr>
              <tr>
                <td>
                  c
                </td>
              </tr>
              <tr>
                <td>
                   
                </td>
              </tr>
              <tr>
                <td>
                  H
                </td>
              </tr>
              <tr>
                <td>
                  e
                </td>
              </tr>
              <tr>
                <td>
                  a
                </td>
              </tr>
              <tr>
                <td>
                  l
                </td>
              </tr>
              <tr>
                <td>
                  t
                </td>
              </tr>
              <tr>
                <td>
                  h
                </td>
              </tr>
            </tbody>
          </table>
          <div
            class="padding-bottom-1"
          />
          <h4
            class="usa-summary-box__heading padding-y-105"
            id="summary-box-key-information"
          >
            <span
              id="eicr-details"
            >
              eICR Details
            </span>
          </h4>
          <div
            class="grid-row"
          >
            <div
              class="data-title"
            >
              eICR Identifier
            </div>
            <div
              class="grid-col-auto text-pre-line"
            >
              1dd10047-2207-4eac-a993-0f706c88be5d
            </div>
          </div>
          <div
            class="section__line_gray"
          />
          <div
            class="padding-bottom-1"
          />
          <h4
            class="usa-summary-box__heading padding-y-105"
            id="summary-box-key-information"
          >
            <span
              id="ecr-sender-details"
            >
              eCR Sender Details
            </span>
          </h4>
          <div
            class="grid-row"
          >
            <div
              class="data-title"
            >
              Date/Time eCR Created
            </div>
            <div
              class="grid-col-auto text-pre-line"
            >
              2022-05-14T12:56:38Z
            </div>
          </div>
          <div
            class="section__line_gray"
          />
          <div
            class="grid-row"
          >
            <div
              class="data-title"
            >
              Sender Software
            </div>
            <div
              class="grid-col-auto text-pre-line"
            />
          </div>
          <div
            class="section__line_gray"
          />
          <div
            class="grid-row"
          >
            <div
              class="data-title"
            >
              Sender Facility Name
            </div>
            <div
              class="grid-col-auto text-pre-line"
            >
              PRM- Palmdale Regional Medical Center
            </div>
          </div>
          <div
            class="section__line_gray"
          />
          <div
            class="grid-row"
          >
            <div
              class="data-title"
            >
              Facility Address
            </div>
            <div
              class="grid-col-auto text-pre-line"
            >
              38600 Medical Center Drive
Palmdale, CA
93551, USA
            </div>
          </div>
          <div
            class="section__line_gray"
          />
          <div
            class="grid-row"
          >
            <div
              class="data-title"
            >
              Facility Contact
            </div>
            <div
              class="grid-col-auto text-pre-line"
            >
              (661)382-5000
            </div>
          </div>
          <div
            class="section__line_gray"
          />
          <div
            class="grid-row"
          >
            <div
              class="data-title"
            >
              Facility ID
            </div>
            <div
              class="grid-col-auto text-pre-line"
            >
              2.16.840.1.113883.4.6
            </div>
          </div>
          <div
            class="section__line_gray"
          />
        </div>
      </div>
    </div>
  </div>
</div>
`;
