// Jest Snapshot v1, https://goo.gl/fbAQLP

exports[`EcrSummary should match snapshot 1`] = `
<div>
  <div
    class="info-container"
  >
    <div
      class="usa-summary-box padding-3"
    >
      <div>
        <h3>
          About the Patient
        </h3>
        <div
          class="usa-summary-box__text"
        >
          <div
            class="grid-row"
          >
            <div
              class="data-title"
            >
              <h4>
                Patient Name
              </h4>
            </div>
            <div
              class="grid-col-fill"
            >
              ABEL CASTILLO
            </div>
          </div>
          <div
            class="section__line"
          />
          <div
            class="grid-row"
          >
            <div
              class="data-title"
            >
              <h4>
                DOB
              </h4>
            </div>
            <div
              class="grid-col-fill text-pre-line"
            >
              2015-04-15
            </div>
          </div>
          <div
            class="section__line"
          />
          <div
            class="grid-row"
          >
            <div
              class="data-title"
            >
              <h4>
                Patient Address
              </h4>
            </div>
            <div
              class="grid-col-fill text-pre-line"
            >
              1050 CARPENTER ST
    EDWARDS, CA
    93523-2800, US
            </div>
          </div>
          <div
            class="section__line"
          />
          <div
            class="grid-row"
          >
            <div
              class="data-title"
            >
              <h4>
                Patient Contact
              </h4>
            </div>
            <div
              class="grid-col-fill text-pre-line"
            >
              Home +18184195968
    MELLY.C.A.16@GMAIL.COM
            </div>
          </div>
          <div
            class="section__line"
          />
        </div>
        <div
          class="usa-summary-box__body"
        >
          <h3
            id="summary-box-key-information"
          >
            About the Encounter
          </h3>
        <div
          class="usa-summary-box__text"
        >
          <div
            class="grid-row"
          >
            <div
              class="data-title"
            >
              <h4>
                Facility Name
              </h4>
            </div>
            <div
              class="grid-col-auto"
            >
              PRM- Palmdale Regional Medical Center
            </div>
          </div>
          <div
            class="section__line"
          >
        </div>
        <div
          class="grid-row"
        >
          <div
            class="data-title"
          >
          <h4>
            Facility Address
          </h4>
        </div>
        <div
          class="grid-col-auto
          text-pre-line"
        >
          38600 Medical Center Drive
          Palmdale, CA
          93551, USA
        </div>
      </div>
      <div
        class="section__line"
      >
      </div>
      <div
        class="grid-row"
      >
        <div
          class="data-title"
        >
          <h4>
            Facility Contact
          </h4>
        </div>
        <div
          class="grid-col-auto"
        >
          (661)382-5000
        </div>
      </div>
      <div
        class="section__line"
      >
      </div>
      <div
        class="grid-row"
      >
        <div
          class="data-title"
        >
      <h4>
        Encounter Date
      </h4>
      </div>
      <div
        class="grid-col-auto"
      >
        4/27/2022
      </div>
    </div>
    <div
      class="section__line"
    >
    </div>
    <div
      class="grid-row"
    >
      <div
        class="data-title"
      >
        <h4>
          Encounter Type
        </h4>
      </div>
      <div
        class="grid-col-auto"
      >
        Emergency
      </div>
      <div
        class="usa-summary-box__body"
      >
        <h3
          id="summary-box-key-information"
        >
          About the Encounter
        </h3>
        <div
          class="usa-summary-box__text"
        >
          <div
            class="grid-row"
          >
            <div
              class="data-title"
            >
              <h4>
                Facility Name
              </h4>
            </div>
            <div
              class="grid-col-auto"
            >
              PRM- Palmdale Regional Medical Center
            </div>
          </div>
          <div
            class="section__line"
          />
          <div
            class="grid-row"
          >
            <div
              class="data-title"
            >
              <h4>
                Facility Address
              </h4>
            </div>
            <div
              class="grid-col-auto text-pre-line"
            >
              38600 Medical Center Drive
    Palmdale, CA
    93551, USA
            </div>
          </div>
          <div
            class="section__line"
          />
          <div
            class="grid-row"
          >
            <div
              class="data-title"
            >
              <h4>
                Facility Contact
              </h4>
            </div>
            <div
              class="grid-col-auto"
            >
              (661)382-5000
            </div>
          </div>
          <div
            class="section__line"
          />
          <div
            class="grid-row"
          >
            <div
              class="data-title"
            >
              <h4>
                Encounter Date
              </h4>
            </div>
            <div
              class="grid-col-auto"
            >
              5/13/2022
            </div>
          </div>
          <div
            class="section__line"
          />
          <div
            class="grid-row"
          >
            <div
              class="data-title"
            >
              <h4>
                Encounter Type
              </h4>
            </div>
            <div
              class="grid-col-auto"
            >
              Emergency
            </div>
          </div>
        </div>
      </div>
      <div
        class="usa-summary-box__body"
      >
        <h3
          class="margin-bottom-105 margin-top-205"
        >
          About the Condition
        </h3>
        <div
          class="usa-summary-box__text"
        >
          <div
            class="grid-row"
          >
            <div
              class="data-title"
            >
              <h4>
                Reportable Condition
              </h4>
            </div>
            <div
              class="grid-col-fill"
            >
               Influenza caused by Influenza A virus subtype H5N1 (disorder)
            </div>
          </div>
          <div
            class="section__line"
          />
          <div
            class="grid-row"
          >
            <div
              class="data-title"
            >
              <h4>
                RCKMS Trigger Summary
              </h4>
            </div>
            <div
              class="grid-col-fill text-pre-line"
            >
              Detection of Influenza A nucleic acid in a clinical specimen by any method, including RT-PCR and rapid molecular assays
            </div>
          </div>
          <div
            class="section__line"
          />
          <div
            class="grid-row"
          >
            <h4>
              Lab results relevant to reportable condition
            </h4>
            <div
              class="usa-card__container margin-left-0 margin-right-0 margin-top-1"
            >
              <div
                class="usa-card__header padding-top-2 padding-bottom-2 padding-left-3"
              >
                <p>
                  Hepatitis C IgG w/Rfx PCR (temp)
                  <span
                    class="usa-tag margin-left-1 bg-error-dark text-white"
                  >
                    Abnormal
                  </span>
                </p>
              </div>
              <div
                class="card__line "
              />
              <div
                class="usa-card__body padding-0"
              >
                <table
                  class="usa-table usa-table--borderless ecrTable"
                >
                  <thead>
                    <tr>
                      <th
                        scope="col"
                      >
                        Component
                      </th>
                      <th
                        scope="col"
                      >
                        Value
                      </th>
                      <th
                        scope="col"
                      >
                        Ref Range
                      </th>
                      <th
                        scope="col"
                      >
                        Specimen
                      </th>
                    </tr>
                  </thead>
                  <tbody>
                    <tr>
                      <td>
                        Hepatitis C Antibody (temp)
                      </td>
                      <td>
                        Positive (A) (temp)
                      </td>
                      <td>
                        Not Detected (temp)
                      </td>
                      <td>
                        Blood (temp)
                      </td>
                    </tr>
                  </tbody>
                </table>
                <div
                  class="card__line"
                />
                <div
                  class="padding-left-3 padding-right-3 padding-top-205 padding-bottom-205"
                >
                  <div
                    class="grid-row"
                  >
                    <div
                      class="data-title"
                    >
                      <h4>
                        Analysis time
                      </h4>
                    </div>
                    <div
                      class="grid-col-fill text-pre-line"
                    >
                      N/A (temp)
                    </div>
                  </div>
                  <div
                    class="section__line_gray"
                  />
                  <div
                    class="grid-row"
                  >
                    <div
                      class="data-title"
                    >
                      <h4>
                        Collection time
                      </h4>
                    </div>
                    <div
                      class="grid-col-fill text-pre-line"
                    >
                      05/12/2022 6:00 AM CDT (temp)
                    </div>
                  </div>
                  <div
                    class="section__line_gray"
                  />
                  <div
                    class="grid-row"
                  >
                    <div
                      class="data-title"
                    >
                      <h4>
                        Received time
                      </h4>
                    </div>
                    <div
                      class="grid-col-fill text-pre-line"
                    >
                      05/12/2022 11:30 AM CDT (temp)
                    </div>
                  </div>
                  <div
                    class="section__line_gray"
                  />
                  <div
                    class="grid-row"
                  >
                    <div
                      class="data-title"
                    >
                      <h4>
                        Notes
                      </h4>
                    </div>
                    <div
                      class="grid-col-fill text-pre-line"
                    >
                      A detected result is positive and indicates the presence of the virus in the sample. A not detected result indicates that the test did not detect the virus in the sample. This test was performed using a multiplexed nucleic acid amplification test that is labeled Emergence Use Only by the U.S. FDA. Results of this test should not be used as the sole basis for diagnosis, treatment, or other management decisions. (temp)
                    </div>
                  </div>
                </div>
              </div>
            </div>
          </div>
          <div
            class="section__line"
          />
          <div
            class="grid-row"
          >
            <h4>
              Clinical sections relevant to reportable condition
            </h4>
            <div
              class="padding-top-05"
            >
              No matching clinical data found in this eCR (temp) 
            </div>
          </div>
        </div>
      </div>
    </div>
  </div>
</div>
</div>
`;
