// Jest Snapshot v1, https://goo.gl/fbAQLP

exports[`Encounter should match snapshot 1`] = `
<div>
  <div
    class="margin-top-0"
  >
    <div
      class="padding-bottom-3"
    >
      <div
        class="usa-summary-box__body"
      >
        <div>
          <h4
            class="usa-summary-box__heading padding-y-105"
            id="summary-box-key-information"
          >
            <span
              id="encounter-details"
            >
              Encounter Details
            </span>
          </h4>
          <div
            class="usa-summary-box__text"
          >
            <div>
              <div
                class="grid-row"
              >
                <div
                  class="data-title"
                >
                  Facility ID
                </div>
                <div
                  class="grid-col-auto maxw7 text-pre-line"
                >
                  2.16.840.1.113883.4.6
                </div>
              </div>
              <div
                class="section__line_gray"
              />
            </div>
            <div>
              <div
                class="grid-row"
              >
                <div
                  class="data-title"
                >
                  Facility Name
                </div>
                <div
                  class="grid-col-auto maxw7 text-pre-line"
                >
                  PRM- Palmdale Regional Medical Center
                </div>
              </div>
              <div
                class="section__line_gray"
              />
            </div>
            <div>
              <div
                class="grid-row"
              >
                <div
                  class="data-title"
                >
                  Facility Type
                </div>
                <div
                  class="grid-col-auto maxw7 text-pre-line"
                >
                  Healthcare Provider
                </div>
              </div>
              <div
                class="section__line_gray"
              />
            </div>
          </div>
        </div>
        <div
          class="margin-top-3"
        >
          <h4
            class="usa-summary-box__heading padding-y-105"
            id="summary-box-key-information"
          >
            <span
              id="provider-details"
            >
              Provider Details
            </span>
          </h4>
          <div
            class="usa-summary-box__text"
          >
            <div>
              <div
                class="grid-row"
              >
                <div
                  class="data-title"
                >
                  Provider Name
                </div>
                <div
                  class="grid-col-auto maxw7 text-pre-line"
                >
                  test provider name
                </div>
              </div>
              <div
                class="section__line_gray"
              />
            </div>
            <div>
              <div
                class="grid-row"
              >
                <div
                  class="data-title"
                >
                  Provider Contact
                </div>
                <div
                  class="grid-col-auto maxw7 text-pre-line"
                >
                  test provider contact
                </div>
              </div>
              <div
                class="section__line_gray"
              />
            </div>
          </div>
        </div>
      </div>
    </div>
  </div>
</div>
`;
