// Jest Snapshot v1, https://goo.gl/fbAQLP

exports[`LabInfo should match snapshot test 1`] = `
<div>
  <div
    class="margin-top-0"
  >
    <div
      class="padding-bottom-3"
    >
      <div
        class="usa-summary-box__body"
      >
        <div>
          <h4
            class="usa-summary-box__heading padding-y-105"
            id="lab-results-from-providence-st-joseph-medical"
          >
            Lab Results from 
                PROVIDENCE ST. JOSEPH MEDICAL
          </h4>
          <div
            class="usa-summary-box__text"
          >
            <div>
              <div
                class="grid-row"
              >
                <div
                  class="data-title"
                >
                  Lab Performing Name
                </div>
                <div
                  class="grid-col-auto maxw7 text-pre-line"
                >
                  PROVIDENCE ST. JOSEPH MEDICAL CENTER LABORATORY (CLIA 05D0672675)
                </div>
              </div>
              <div
                class="section__line_gray"
              />
            </div>
            <div>
              <div
                class="grid-row"
              >
                <div
                  class="data-title"
                >
                  Lab Address
                </div>
                <div
                  class="grid-col-auto maxw7 text-pre-line"
                >
                  501 S. Buena Vista Street
Burbank, CA
91505
                </div>
              </div>
              <div
                class="section__line_gray"
              />
            </div>
            <div>
              <div
                class="grid-row"
              >
                <div
                  class="data-title"
                >
                  Number of Results
                </div>
                <div
                  class="grid-col-auto maxw7 text-pre-line"
                >
                  2
                </div>
              </div>
              <div
                class="section__line_gray"
              />
            </div>
            <div
              class="display-flex"
            >
              <div
                class="margin-left-auto padding-top-1"
              >
                <button
                  class="usa-button usa-button--unstyled"
                  data-testid="button"
                  id="lab-info-expand-button"
                  type="button"
                >
                  Expand all labs
                </button>
                <span
                  class="vertical-line"
                />
                <button
                  class="usa-button usa-button--unstyled"
                  data-testid="button"
                  id="lab-info-collapse-button"
                  type="button"
                >
                  Collapse all labs
                </button>
              </div>
            </div>
            <div
              class="usa-accordion accordion-rr accordion_9e215f4e-aac1-10cb-e412-020cd13a6ad9 margin-bottom-3"
              data-testid="accordion"
            >
              <h5
                class="usa-accordion__heading acc_item_9e215f4e-aac1-10cb-e412-020cd13a6ad9"
              >
                <button
                  aria-controls="STOOL PATHOGENS, NAAT, 12 TO 25 TARGETS"
                  aria-expanded="false"
                  class="usa-accordion__button"
                  data-testid="accordionButton_STOOL PATHOGENS, NAAT, 12 TO 25 TARGETS"
                  type="button"
                >
                  STOOL PATHOGENS, NAAT, 12 TO 25 TARGETS
                  <span
                    class="usa-tag margin-left-105"
                    data-testid="tag"
                    style="background: rgb(181, 9, 9);"
                  >
                    Abnormal
                  </span>
                </button>
              </h5>
              <div
                class="usa-accordion__content usa-prose acc_item_9e215f4e-aac1-10cb-e412-020cd13a6ad9"
                data-testid="accordionItem_STOOL PATHOGENS, NAAT, 12 TO 25 TARGETS"
                hidden=""
                id="STOOL PATHOGENS, NAAT, 12 TO 25 TARGETS"
              >
                <table
                  class="usa-table usa-table--borderless width-full src-components-Table-Table-module__fixed--Eq00W table-caption-margin margin-y-0"
                  data-testid="table"
                >
                  <thead>
                    <tr>
                      <th
                        class="tableHeader"
                        scope="col"
                      >
                        Component
                      </th>
                      <th
                        class="tableHeader"
                        scope="col"
                      >
                        Value
                      </th>
                      <th
                        class="tableHeader"
                        scope="col"
                      >
                        Ref Range
                      </th>
                      <th
                        class="tableHeader"
                        scope="col"
                      >
                        Test Method
                      </th>
                      <th
                        class="tableHeader"
                        scope="col"
                      >
                        Lab Comment
                      </th>
                    </tr>
                  </thead>
                  <tbody>
                    <tr>
                      <td
                        class="text-top"
                      >
                        Campylobacter, NAAT
                      </td>
                      <td
                        class="text-top"
                      >
                        Not Detected
                      </td>
                      <td
                        class="text-top"
                      >
                        Not Detected
                      </td>
                      <td
                        class="text-top"
                      >
                        LAB DEVICE: BIOFIRE速 FILMARRAY速 2.0 SYSTEM
                      </td>
                      <td
                        class="text-top"
                      >
                        <span
                          class="text-italic text-base"
                        >
                          No data
                        </span>
                      </td>
                    </tr>
                    <tr>
                      <td
                        class="text-top"
                      >
                        Plesiomonas shigelloides, NAAT
                      </td>
                      <td
                        class="text-top"
                      >
                        Not Detected
                      </td>
                      <td
                        class="text-top"
                      >
                        Not Detected
                      </td>
                      <td
                        class="text-top"
                      >
                        LAB DEVICE: BIOFIRE速 FILMARRAY速 2.0 SYSTEM
                      </td>
                      <td
                        class="text-top"
                      >
                        <span
                          class="text-italic text-base"
                        >
                          No data
                        </span>
                      </td>
                    </tr>
                  </tbody>
                </table>
                <div>
                  <div
                    class="grid-row"
                  >
                    <div
                      class="data-title"
                    >
                      Analysis Time
                    </div>
                    <div
                      class="grid-col-auto maxw7 text-pre-line lab-text-content"
                    >
                      09/28/2022 2:00 PM PDT
                    </div>
                  </div>
                  <div
                    class="section__line_gray"
                  />
                </div>
                <div>
                  <div
                    class="grid-row"
                  >
                    <div
                      class="data-title"
                    >
                      Collection Time
                    </div>
                    <div
                      class="grid-col-auto maxw7 text-pre-line lab-text-content"
                    >
                      09/28/2022 8:51 PM UTC
                    </div>
                  </div>
                  <div
                    class="section__line_gray"
                  />
                </div>
                <div>
                  <div
                    class="grid-row"
                  >
                    <div
                      class="data-title"
                    >
                      Received Time
                    </div>
                    <div
                      class="grid-col-auto maxw7 text-pre-line lab-text-content"
                    >
                      09/28/2022 8:51 PM UTC
                    </div>
                  </div>
                  <div
                    class="section__line_gray"
                  />
                </div>
                <div>
                  <div
                    class="grid-row"
                  >
                    <div
                      class="data-title"
                    >
                      Specimen (Source)
                    </div>
                    <div
                      class="grid-col-auto maxw7 text-pre-line lab-text-content"
                    >
                      Stool
                    </div>
                  </div>
                  <div
                    class="section__line_gray"
                  />
                </div>
                <div>
                  <div
                    class="grid-row"
                  >
                    <div
                      class="data-title"
                    >
                      Anatomical Location/Laterality
                    </div>
                    <div
                      class="grid-col-auto maxw7 text-pre-line lab-text-content"
                    >
                      STOOL SPECIMEN / Unknown
                    </div>
                  </div>
                  <div
                    class="section__line_gray"
                  />
                </div>
                <div>
                  <div
                    class="grid-row"
                  >
                    <div
                      class="data-title"
                    >
                      Collection Method/Volume
                    </div>
                    <div
                      class="grid-col-auto maxw7 text-pre-line lab-text-content"
                    >
                      <span
                        class="no-data text-italic text-base"
                      >
                        No data
                      </span>
                    </div>
                  </div>
                  <div
                    class="section__line_gray"
                  />
                </div>
                <div>
                  <div
                    class="grid-row"
                  >
                    <div
                      class="data-title"
                    >
                      Resulting Agency Comment
                    </div>
                    <div
                      class="grid-col-auto maxw7 text-pre-line lab-text-content"
                    >
                      <span
                        class="no-data text-italic text-base"
                      >
                        No data
                      </span>
                    </div>
                  </div>
                  <div
                    class="section__line_gray"
                  />
                </div>
                <div>
                  <div
                    class="grid-row"
                  >
                    <div
                      class="data-title"
                    >
                      Authorizing Provider
                    </div>
                    <div
                      class="grid-col-auto maxw7 text-pre-line lab-text-content"
                    >
                      Ambhp1 Test MD
                    </div>
                  </div>
                  <div
                    class="section__line_gray"
                  />
                </div>
                <div>
                  <div
                    class="grid-row"
                  >
                    <div
                      class="data-title"
                    >
                      Result Type
                    </div>
                    <div
                      class="grid-col-auto maxw7 text-pre-line lab-text-content"
                    >
                      MICROBIOLOGY - GENERAL ORDERABLES
                    </div>
                  </div>
                  <div
                    class="section__line_gray"
                  />
                </div>
                <div>
                  <div
                    class="grid-row"
                  >
                    <div
                      class="data-title"
                    >
                      Narrative
                    </div>
                    <div
                      class="grid-col-auto maxw7 text-pre-line lab-text-content"
                    >
                      <span
                        class="no-data text-italic text-base"
                      >
                        No data
                      </span>
                    </div>
                  </div>
                  <div
                    class="section__line_gray"
                  />
                </div>
              </div>
            </div>
            <div
              class="usa-accordion accordion-rr accordion_9e215f4e-aac1-10cb-e412-020cd13a6ad9 margin-bottom-3"
              data-testid="accordion"
            >
              <h5
                class="usa-accordion__heading acc_item_9e215f4e-aac1-10cb-e412-020cd13a6ad9"
              >
                <button
                  aria-controls="STOOL PATHOGENS, NAAT, 12 TO 25 TARGETS"
                  aria-expanded="false"
                  class="usa-accordion__button"
                  data-testid="accordionButton_STOOL PATHOGENS, NAAT, 12 TO 25 TARGETS"
                  type="button"
                >
                  STOOL PATHOGENS, NAAT, 12 TO 25 TARGETS
                </button>
              </h5>
              <div
                class="usa-accordion__content usa-prose acc_item_9e215f4e-aac1-10cb-e412-020cd13a6ad9"
                data-testid="accordionItem_STOOL PATHOGENS, NAAT, 12 TO 25 TARGETS"
                hidden=""
                id="STOOL PATHOGENS, NAAT, 12 TO 25 TARGETS"
              >
                <table
                  class="usa-table usa-table--borderless width-full src-components-Table-Table-module__fixed--Eq00W table-caption-margin margin-y-0"
                  data-testid="table"
                >
                  <thead>
                    <tr>
                      <th
                        class="tableHeader"
                        scope="col"
                      >
                        Component
                      </th>
                      <th
                        class="tableHeader"
                        scope="col"
                      >
                        Value
                      </th>
                      <th
                        class="tableHeader"
                        scope="col"
                      >
                        Ref Range
                      </th>
                      <th
                        class="tableHeader"
                        scope="col"
                      >
                        Test Method
                      </th>
                      <th
                        class="tableHeader"
                        scope="col"
                      >
                        Lab Comment
                      </th>
                    </tr>
                  </thead>
                  <tbody>
                    <tr>
                      <td
                        class="text-top"
                      >
                        Campylobacter, NAAT
                      </td>
                      <td
                        class="text-top"
                      >
                        Not Detected
                      </td>
                      <td
                        class="text-top"
                      >
                        Not Detected
                      </td>
                      <td
                        class="text-top"
                      >
                        LAB DEVICE: BIOFIRE速 FILMARRAY速 2.0 SYSTEM
                      </td>
                      <td
                        class="text-top"
                      >
                        <span
                          class="text-italic text-base"
                        >
                          No data
                        </span>
                      </td>
                    </tr>
                    <tr>
                      <td
                        class="text-top"
                      >
                        Plesiomonas shigelloides, NAAT
                      </td>
                      <td
                        class="text-top"
                      >
                        Not Detected
                      </td>
                      <td
                        class="text-top"
                      >
                        Not Detected
                      </td>
                      <td
                        class="text-top"
                      >
                        LAB DEVICE: BIOFIRE速 FILMARRAY速 2.0 SYSTEM
                      </td>
                      <td
                        class="text-top"
                      >
                        <span
                          class="text-italic text-base"
                        >
                          No data
                        </span>
                      </td>
                    </tr>
                  </tbody>
                </table>
                <div>
                  <div
                    class="grid-row"
                  >
                    <div
                      class="data-title"
                    >
                      Analysis Time
                    </div>
                    <div
                      class="grid-col-auto maxw7 text-pre-line lab-text-content"
                    >
                      09/28/2022 1:59 PM PDT
                    </div>
                  </div>
                  <div
                    class="section__line_gray"
                  />
                </div>
                <div>
                  <div
                    class="grid-row"
                  >
                    <div
                      class="data-title"
                    >
                      Collection Time
                    </div>
                    <div
                      class="grid-col-auto maxw7 text-pre-line lab-text-content"
                    >
                      09/28/2022 8:51 PM UTC
                    </div>
                  </div>
                  <div
                    class="section__line_gray"
                  />
                </div>
                <div>
                  <div
                    class="grid-row"
                  >
                    <div
                      class="data-title"
                    >
                      Received Time
                    </div>
                    <div
                      class="grid-col-auto maxw7 text-pre-line lab-text-content"
                    >
                      09/28/2022 8:51 PM UTC
                    </div>
                  </div>
                  <div
                    class="section__line_gray"
                  />
                </div>
                <div>
                  <div
                    class="grid-row"
                  >
                    <div
                      class="data-title"
                    >
                      Specimen (Source)
                    </div>
                    <div
                      class="grid-col-auto maxw7 text-pre-line lab-text-content"
                    >
                      Stool
                    </div>
                  </div>
                  <div
                    class="section__line_gray"
                  />
                </div>
                <div>
                  <div
                    class="grid-row"
                  >
                    <div
                      class="data-title"
                    >
                      Anatomical Location/Laterality
                    </div>
                    <div
                      class="grid-col-auto maxw7 text-pre-line lab-text-content"
                    >
                      STOOL SPECIMEN / Unknown
                    </div>
                  </div>
                  <div
                    class="section__line_gray"
                  />
                </div>
                <div>
                  <div
                    class="grid-row"
                  >
                    <div
                      class="data-title"
                    >
                      Collection Method/Volume
                    </div>
                    <div
                      class="grid-col-auto maxw7 text-pre-line lab-text-content"
                    >
                      <span
                        class="no-data text-italic text-base"
                      >
                        No data
                      </span>
                    </div>
                  </div>
                  <div
                    class="section__line_gray"
                  />
                </div>
                <div>
                  <div
                    class="grid-row"
                  >
                    <div
                      class="data-title"
                    >
                      Resulting Agency Comment
                    </div>
                    <div
                      class="grid-col-auto maxw7 text-pre-line lab-text-content"
                    >
                      <span
                        class="no-data text-italic text-base"
                      >
                        No data
                      </span>
                    </div>
                  </div>
                  <div
                    class="section__line_gray"
                  />
                </div>
                <div>
                  <div
                    class="grid-row"
                  >
                    <div
                      class="data-title"
                    >
                      Authorizing Provider
                    </div>
                    <div
                      class="grid-col-auto maxw7 text-pre-line lab-text-content"
                    >
                      Ambhp1 Test MD
                    </div>
                  </div>
                  <div
                    class="section__line_gray"
                  />
                </div>
                <div>
                  <div
                    class="grid-row"
                  >
                    <div
                      class="data-title"
                    >
                      Result Type
                    </div>
                    <div
                      class="grid-col-auto maxw7 text-pre-line lab-text-content"
                    >
                      MICROBIOLOGY - GENERAL ORDERABLES
                    </div>
                  </div>
                  <div
                    class="section__line_gray"
                  />
                </div>
                <div>
                  <div
                    class="grid-row"
                  >
                    <div
                      class="data-title"
                    >
                      Narrative
                    </div>
                    <div
                      class="grid-col-auto maxw7 text-pre-line lab-text-content"
                    >
                      <span
                        class="no-data text-italic text-base"
                      >
                        No data
                      </span>
                    </div>
                  </div>
                  <div
                    class="section__line_gray"
                  />
                </div>
              </div>
            </div>
          </div>
        </div>
        <div>
          <h4
            class="usa-summary-box__heading padding-y-105"
            id="lab-results-from-vumc-cerner-lab"
          >
            Lab Results from 
                VUMC CERNER LAB
          </h4>
          <div
            class="usa-summary-box__text"
          >
            <div>
              <div
                class="grid-row"
              >
                <div
                  class="data-title"
                >
                  Lab Performing Name
                </div>
                <div
                  class="grid-col-auto maxw7 text-pre-line"
                >
                  VUMC CERNER LAB
                </div>
              </div>
              <div
                class="section__line_gray"
              />
            </div>
            <div>
              <div
                class="grid-row"
              >
                <div
                  class="data-title"
                >
                  Lab Address
                </div>
                <div
                  class="grid-col-auto maxw7 text-pre-line"
                >
                  4605 TVC VUMC
1301 Medical Center Drive
NASHVILLE, TN
37232-5310, USA
                </div>
              </div>
              <div
                class="section__line_gray"
              />
            </div>
            <div>
              <div
                class="grid-row"
              >
                <div
                  class="data-title"
                >
                  Number of Results
                </div>
                <div
                  class="grid-col-auto maxw7 text-pre-line"
                >
                  1
                </div>
              </div>
              <div
                class="section__line_gray"
              />
            </div>
            <div
              class="display-flex"
            >
              <div
                class="margin-left-auto padding-top-1"
              >
                <button
                  class="usa-button usa-button--unstyled"
                  data-testid="button"
                  id="lab-info-expand-button"
                  type="button"
                >
                  Expand all labs
                </button>
                <span
                  class="vertical-line"
                />
                <button
                  class="usa-button usa-button--unstyled"
                  data-testid="button"
                  id="lab-info-collapse-button"
                  type="button"
                >
                  Collapse all labs
                </button>
              </div>
            </div>
            <div
              class="usa-accordion accordion-rr accordion_22c6cdd0-bde1-e220-9ba4-2c2802f795ad margin-bottom-3"
              data-testid="accordion"
            >
              <h5
                class="usa-accordion__heading acc_item_22c6cdd0-bde1-e220-9ba4-2c2802f795ad"
              >
                <button
                  aria-controls="Cytogenomic SNP microarray"
                  aria-expanded="false"
                  class="usa-accordion__button"
                  data-testid="accordionButton_Cytogenomic SNP microarray"
                  type="button"
                >
                  Cytogenomic SNP microarray
                </button>
              </h5>
              <div
                class="usa-accordion__content usa-prose acc_item_22c6cdd0-bde1-e220-9ba4-2c2802f795ad"
                data-testid="accordionItem_Cytogenomic SNP microarray"
                hidden=""
                id="Cytogenomic SNP microarray"
              >
                <table
                  class="usa-table usa-table--borderless width-full src-components-Table-Table-module__fixed--Eq00W table-caption-margin margin-y-0"
                  data-testid="table"
                >
                  <thead>
                    <tr>
                      <th
                        class="tableHeader"
                        scope="col"
                      >
                        Component
                      </th>
                      <th
                        class="tableHeader"
                        scope="col"
                      >
                        Value
                      </th>
                      <th
                        class="tableHeader"
                        scope="col"
                      >
                        Ref Range
                      </th>
                      <th
                        class="tableHeader"
                        scope="col"
                      >
                        Test Method
                      </th>
                      <th
                        class="tableHeader"
                        scope="col"
                      >
                        Lab Comment
                      </th>
                    </tr>
                  </thead>
                  <tbody>
                    <tr>
                      <td
                        class="text-top"
                      >
                        Observation display
                      </td>
                      <td
                        class="text-top"
                      >
                        <span
                          class="text-italic text-base"
                        >
                          No data
                        </span>
                      </td>
                      <td
                        class="text-top"
                      >
                        <span
                          class="text-italic text-base"
                        >
                          No data
                        </span>
                      </td>
                      <td
                        class="text-top"
                      >
                        <span
                          class="no-data text-italic text-base"
                        >
                          No data
                        </span>
                      </td>
                      <td
                        class="text-top"
                      >
                        <button
                          aria-controls="hidden-comment-4"
                          aria-expanded="false"
                          class="usa-button usa-button--unstyled"
                          data-testid="button"
                          type="button"
                        >
                          View
                           
                          comment
                        </button>
                      </td>
                    </tr>
                    <tr
                      hidden=""
                      id="hidden-comment-4"
                    >
                      <td
                        class="hideableData"
                        colspan="5"
                      >
                        Lab comment
                      </td>
                    </tr>
                  </tbody>
                </table>
                <div>
                  <div
                    class="grid-row"
                  >
                    <div
                      class="data-title"
                    >
                      Analysis Time
                    </div>
                    <div
                      class="grid-col-auto maxw7 text-pre-line lab-text-content"
                    >
                      <span
                        class="no-data text-italic text-base"
                      >
                        No data
                      </span>
                    </div>
                  </div>
                  <div
                    class="section__line_gray"
                  />
                </div>
                <div>
                  <div
                    class="grid-row"
                  >
                    <div
                      class="data-title"
                    >
                      Collection Time
                    </div>
                    <div
                      class="grid-col-auto maxw7 text-pre-line lab-text-content"
                    >
                      04/04/2022 4:55 PM UTC
                    </div>
                  </div>
                  <div
                    class="section__line_gray"
                  />
                </div>
                <div>
                  <div
                    class="grid-row"
                  >
                    <div
                      class="data-title"
                    >
                      Received Time
                    </div>
                    <div
                      class="grid-col-auto maxw7 text-pre-line lab-text-content"
                    >
                      04/18/2022 7:46 PM UTC
                    </div>
                  </div>
                  <div
                    class="section__line_gray"
                  />
                </div>
                <div>
                  <div
                    class="grid-row"
                  >
                    <div
                      class="data-title"
                    >
                      Specimen (Source)
                    </div>
                    <div
                      class="grid-col-auto maxw7 text-pre-line lab-text-content"
                    >
                      Blood
                    </div>
                  </div>
                  <div
                    class="section__line_gray"
                  />
                </div>
                <div>
                  <div
                    class="grid-row"
                  >
                    <div
                      class="data-title"
                    >
                      Anatomical Location/Laterality
                    </div>
                    <div
                      class="grid-col-auto maxw7 text-pre-line lab-text-content"
                    >
                      <span
                        class="no-data text-italic text-base"
                      >
                        No data
                      </span>
                    </div>
                  </div>
                  <div
                    class="section__line_gray"
                  />
                </div>
                <div>
                  <div
                    class="grid-row"
                  >
                    <div
                      class="data-title"
                    >
                      Collection Method/Volume
                    </div>
                    <div
                      class="grid-col-auto maxw7 text-pre-line lab-text-content"
                    >
                      Collection / Unknown
                    </div>
                  </div>
                  <div
                    class="section__line_gray"
                  />
                </div>
                <div>
                  <div
                    class="grid-row"
                  >
                    <div
                      class="data-title"
                    >
                      Resulting Agency Comment
                    </div>
                    <div
                      class="grid-col-auto maxw7 text-pre-line lab-text-content"
                    >
                      testing comment
                    </div>
                  </div>
                  <div
                    class="section__line_gray"
                  />
                </div>
                <div>
                  <div
                    class="grid-row"
                  >
                    <div
                      class="data-title"
                    >
                      Authorizing Provider
                    </div>
                    <div
                      class="grid-col-auto maxw7 text-pre-line lab-text-content"
                    >
                      Carda Testprovqa MD
                    </div>
                  </div>
                  <div
                    class="section__line_gray"
                  />
                </div>
                <div>
                  <div
                    class="grid-row"
                  >
                    <div
                      class="data-title"
                    >
                      Result Type
                    </div>
                    <div
                      class="grid-col-auto maxw7 text-pre-line lab-text-content"
                    >
                      LAB GENETIC TESTING
                    </div>
                  </div>
                  <div
                    class="section__line_gray"
                  />
                </div>
                <div>
                  <div
                    class="grid-row"
                  >
                    <div
                      class="data-title"
                    >
                      Narrative
                    </div>
                    <div
                      class="grid-col-auto maxw7 text-pre-line lab-text-content"
                    >
                      VUMC CERNER LAB - 04/18/2022 2:57 PM CDT  MICROARRAY REPORT NARRATIVE
                    </div>
                  </div>
                  <div
                    class="section__line_gray"
                  />
                </div>
              </div>
            </div>
          </div>
        </div>
      </div>
    </div>
  </div>
</div>
`;
