// Jest Snapshot v1, https://goo.gl/fbAQLP

exports[`Demographics should match snapshot 1`] = `
<div>
  <div
    class="margin-top-0"
  >
    <div
      class="padding-bottom-3"
    >
      <div
        class="usa-summary-box__body"
      >
        <h4
          class="usa-summary-box__heading padding-y-105"
          id="demographics"
        >
          Demographics
        </h4>
        <div
          class="usa-summary-box__text"
        >
          <div>
            <div
              class="grid-row"
            >
              <div
                class="data-title"
              >
                Patient Name
              </div>
              <div
                class="grid-col maxw7 text-pre-line"
              >
                Test patient
              </div>
            </div>
            <div
              class="section__line_gray"
            />
          </div>
          <div>
            <div
              class="grid-row"
            >
              <div
                class="data-title"
              >
                DOB
              </div>
              <div
                class="grid-col maxw7 text-pre-line"
              >
                06/01/1996
              </div>
            </div>
            <div
              class="section__line_gray"
            />
          </div>
          <div>
            <div
              class="grid-row"
            >
              <div
                class="data-title"
              >
                Current Age
              </div>
              <div
                class="grid-col maxw7 text-pre-line"
              >
                27
              </div>
            </div>
            <div
              class="section__line_gray"
            />
          </div>
          <div>
            <div
              class="grid-row"
            >
              <div
                class="data-title"
              >
                Vital Status
              </div>
              <div
                class="grid-col maxw7 text-pre-line"
              >
                Alive
              </div>
            </div>
            <div
              class="section__line_gray"
            />
          </div>
          <div>
            <div
              class="grid-row"
            >
              <div
                class="data-title"
              >
                Sex
              </div>
              <div
                class="grid-col maxw7 text-pre-line"
              >
                female
              </div>
            </div>
            <div
              class="section__line_gray"
            />
          </div>
          <div>
            <div
              class="grid-row"
            >
              <div
                class="data-title"
              >
                Race
              </div>
              <div
                class="grid-col maxw7 text-pre-line"
              >
                Asian/Pacific Islander
              </div>
            </div>
            <div
              class="section__line_gray"
            />
          </div>
          <div>
            <div
              class="grid-row"
            >
              <div
                class="data-title"
              >
                Ethnicity
              </div>
              <div
                class="grid-col maxw7 text-pre-line"
              >
                Not Hispanic or Latino
              </div>
            </div>
            <div
              class="section__line_gray"
            />
          </div>
          <div>
            <div
              class="grid-row"
            >
              <div
                class="data-title"
              >
                Tribal
              </div>
              <div
                class="grid-col maxw7 text-pre-line"
              >
                test
              </div>
            </div>
            <div
              class="section__line_gray"
            />
          </div>
          <div>
            <div
              class="grid-row"
            >
              <div
                class="data-title"
              >
                Preferred Language
              </div>
              <div
                class="grid-col maxw7 text-pre-line"
              >
                test
              </div>
            </div>
            <div
              class="section__line_gray"
            />
          </div>
          <div>
            <div
              class="grid-row"
            >
              <div
                class="data-title"
              >
                Patient Address
              </div>
              <div
                class="grid-col maxw7 text-pre-line"
              >
                test address
              </div>
            </div>
            <div
              class="section__line_gray"
            />
          </div>
          <div>
            <div
              class="grid-row"
            >
              <div
                class="data-title"
              >
                County
              </div>
              <div
                class="grid-col maxw7 text-pre-line"
              >
                test
              </div>
            </div>
            <div
              class="section__line_gray"
            />
          </div>
          <div>
            <div
              class="grid-row"
            >
              <div
                class="data-title"
              >
                Contact
              </div>
              <div
                class="grid-col maxw7 text-pre-line"
              >
                test contact
              </div>
            </div>
            <div
              class="section__line_gray"
            />
          </div>
          <div>
            <div
              class="grid-row"
            >
              <div
                class="data-title"
              >
                Emergency Contact
              </div>
              <div
                class="grid-col maxw7 text-pre-line"
              >
                N/A
              </div>
            </div>
            <div
              class="section__line_gray"
            />
          </div>
          <div>
            <div
              class="grid-row"
            >
              <div
                class="data-title"
              >
                Patient IDs
              </div>
              <div
                class="grid-col maxw7 text-pre-line"
              >
                123-4567-890
              </div>
            </div>
            <div
              class="section__line_gray"
            />
          </div>
        </div>
      </div>
    </div>
  </div>
</div>
`;
