// Jest Snapshot v1, https://goo.gl/fbAQLP

exports[`EcrSummary should match snapshot 1`] = `
<div>
  <div
    class="info-container"
  >
    <div
      aria-labelledby="summary-box-key-information"
      class="usa-summary-box padding-3"
    >
      <div
        class="usa-summary-box__body margin-bottom-05"
      >
        <h2
          class="summary-box-key-information side-nav-ignore"
          id="about-the-patient"
        >
          About the Patient
        </h2>
        <div
          class="usa-summary-box__text"
        >
          <div>
            <div
              class="grid-row"
            >
              <div
                class="data-title"
              >
                Patient Name
              </div>
              <div
                class="grid-col-auto maxw7 text-pre-line"
              >
                ABEL CASTILLO
              </div>
            </div>
            <div
              class="section__line_gray"
            />
          </div>
          <div>
            <div
              class="grid-row"
            >
              <div
                class="data-title"
              >
                DOB
              </div>
              <div
                class="grid-col-auto maxw7 text-pre-line"
              >
                04/15/2015
              </div>
            </div>
            <div
              class="section__line_gray"
            />
          </div>
          <div>
            <div
              class="grid-row"
            >
              <div
                class="data-title"
              >
                Patient Address
              </div>
              <div
                class="grid-col-auto maxw7 text-pre-line"
              >
                1050 CARPENTER ST
EDWARDS, CA
93523-2800, US
              </div>
            </div>
            <div
              class="section__line_gray"
            />
          </div>
          <div>
            <div
              class="grid-row"
            >
              <div
                class="data-title"
              >
                Patient Contact
              </div>
              <div
                class="grid-col-auto maxw7 text-pre-line"
              >
                Home (818)419-5968
MELLY.C.A.16@GMAIL.COM
              </div>
            </div>
            <div
              class="section__line_gray"
            />
          </div>
        </div>
      </div>
      <div
        class="usa-summary-box__body"
      >
        <h2
          class="summary-box-key-information side-nav-ignore"
          id="about-the-encounter"
        >
          About the Encounter
        </h2>
        <div
          class="usa-summary-box__text"
        >
          <div>
            <div
              class="grid-row"
            >
              <div
                class="data-title"
              >
                Facility Name
              </div>
              <div
                class="grid-col-auto maxw7 text-pre-line"
              >
                PRM- Palmdale Regional Medical Center
              </div>
            </div>
            <div
              class="section__line_gray"
            />
          </div>
          <div>
            <div
              class="grid-row"
            >
              <div
                class="data-title"
              >
                Facility Address
              </div>
              <div
                class="grid-col-auto maxw7 text-pre-line"
              >
                38600 Medical Center Drive
Palmdale, CA
93551, USA
              </div>
            </div>
            <div
              class="section__line_gray"
            />
          </div>
          <div>
            <div
              class="grid-row"
            >
              <div
                class="data-title"
              >
                Facility Contact
              </div>
              <div
                class="grid-col-auto maxw7 text-pre-line"
              >
                (661)382-5000
              </div>
            </div>
            <div
              class="section__line_gray"
            />
          </div>
          <div>
            <div
              class="grid-row"
            >
              <div
                class="data-title"
              >
                Encounter Date/Time
              </div>
              <div
                class="grid-col-auto maxw7 text-pre-line"
              >
                Start: 05/13/2022 7:25 AM UTC
End: 05/13/2022 9:57 AM UTC
              </div>
            </div>
            <div
              class="section__line_gray"
            />
          </div>
          <div>
            <div
              class="grid-row"
            >
              <div
                class="data-title"
              >
                Encounter Type
              </div>
              <div
                class="grid-col-auto maxw7 text-pre-line"
              >
                Emergency
              </div>
            </div>
            <div
              class="section__line_gray"
            />
          </div>
        </div>
      </div>
      <div
        class="usa-summary-box__body"
      >
        <h2
          class="summary-box-key-information side-nav-ignore"
          id="about-the-condition"
        >
          About the Condition
        </h2>
        <div
          class="usa-summary-box__text"
        >
          <div>
            <div
              class="grid-row"
            >
              <div
                class="data-title"
              >
                Reportable Condition
              </div>
              <div
                class="grid-col-auto maxw7 text-pre-line"
              >
                Influenza caused by Influenza A virus subtype H5N1 (disorder)
              </div>
            </div>
            <div
              class="section__line_gray"
            />
          </div>
          <div>
            <div
              class="grid-row"
            >
              <div
                class="data-title"
              >
                RCKMS Rule Summary
              </div>
              <div
                class="grid-col-auto maxw7 text-pre-line"
              >
                Cough
              </div>
            </div>
            <div
              class="section__line_gray"
            />
          </div>
          <div
            class="ecr-summary-title-long"
            id="relevant-labs"
          >
            Lab Results Relevant to Reportable Condition
          </div>
        </div>
      </div>
    </div>
  </div>
</div>
`;
