// Jest Snapshot v1, https://goo.gl/fbAQLP

exports[`EcrTable should match snapshot 1`] = `
<div>
  <div
    class="ecr-library-wrapper width-full overflow-auto"
  >
    <table
      class="usa-table usa-table--borderless width-full src-components-Table-Table-module__fixed--Eq00W usa-table--striped table-ecr-library margin-0"
      data-testid="table"
    >
      <thead
        class="position-sticky top-0"
      >
        <tr>
          <th
            class="minw-20"
            scope="col"
          >
            Patient
          </th>
          <th
            class="minw-1605"
            scope="col"
          >
            Received Date
          </th>
          <th
            class="minw-1705"
            scope="col"
          >
            Encounter Date
          </th>
          <th
            class="minw-2305"
            scope="col"
          >
            Reportable Condition
          </th>
          <th
            class="minw-23"
            scope="col"
          >
            RCKMS Rule Summary
          </th>
        </tr>
      </thead>
      <tbody>
        <tr>
          <td>
            <a
              href="/view-data?id=id-1"
            >
              first-1
               
              last-1
            </a>
            <br />
            DOB: 2000-01-01
          </td>
          <td>
            2021-01-01
          </td>
          <td>
            2021-01-01
          </td>
          <td>
            reportable-condition-1
          </td>
          <td>
            rule-summary-1
          </td>
        </tr>
        <tr>
          <td>
            <a
              href="/view-data?id=id-2"
            >
              first-2
               
              last-2
            </a>
            <br />
            DOB: 2000-01-02
          </td>
          <td>
            2021-01-02
          </td>
          <td>
            2021-01-02
          </td>
          <td>
            reportable-condition-2
          </td>
          <td>
            rule-summary-2
          </td>
        </tr>
        <tr>
          <td>
            <a
              href="/view-data?id=id-3"
            >
              first-3
               
              last-3
            </a>
            <br />
            DOB: 2000-01-03
          </td>
          <td>
            2021-01-03
          </td>
          <td>
            2021-01-03
          </td>
          <td>
            reportable-condition-3
          </td>
          <td>
            rule-summary-3
          </td>
        </tr>
        <tr>
          <td>
            <a
              href="/view-data?id=id-4"
            >
              first-4
               
              last-4
            </a>
            <br />
            DOB: 2000-01-04
          </td>
          <td>
            2021-01-04
          </td>
          <td>
            2021-01-04
          </td>
          <td>
            reportable-condition-4
          </td>
          <td>
            rule-summary-4
          </td>
        </tr>
        <tr>
          <td>
            <a
              href="/view-data?id=id-5"
            >
              first-5
               
              last-5
            </a>
            <br />
            DOB: 2000-01-05
          </td>
          <td>
            2021-01-05
          </td>
          <td>
            2021-01-05
          </td>
          <td>
            reportable-condition-5
          </td>
          <td>
            rule-summary-5
          </td>
        </tr>
        <tr>
          <td>
            <a
              href="/view-data?id=id-6"
            >
              first-6
               
              last-6
            </a>
            <br />
            DOB: 2000-01-06
          </td>
          <td>
            2021-01-06
          </td>
          <td>
            2021-01-06
          </td>
          <td>
            reportable-condition-6
          </td>
          <td>
            rule-summary-6
          </td>
        </tr>
        <tr>
          <td>
            <a
              href="/view-data?id=id-7"
            >
              first-7
               
              last-7
            </a>
            <br />
            DOB: 2000-01-07
          </td>
          <td>
            2021-01-07
          </td>
          <td>
            2021-01-07
          </td>
          <td>
            reportable-condition-7
          </td>
          <td>
            rule-summary-7
          </td>
        </tr>
        <tr>
          <td>
            <a
              href="/view-data?id=id-8"
            >
              first-8
               
              last-8
            </a>
            <br />
            DOB: 2000-01-08
          </td>
          <td>
            2021-01-08
          </td>
          <td>
            2021-01-08
          </td>
          <td>
            reportable-condition-8
          </td>
          <td>
            rule-summary-8
          </td>
        </tr>
        <tr>
          <td>
            <a
              href="/view-data?id=id-9"
            >
              first-9
               
              last-9
            </a>
            <br />
            DOB: 2000-01-09
          </td>
          <td>
            2021-01-09
          </td>
          <td>
            2021-01-09
          </td>
          <td>
            reportable-condition-9
          </td>
          <td>
            rule-summary-9
          </td>
        </tr>
        <tr>
          <td>
            <a
              href="/view-data?id=id-10"
            >
              first-10
               
              last-10
            </a>
            <br />
            DOB: 2000-01-01
          </td>
          <td>
            2021-01-01
          </td>
          <td>
            2021-01-01
          </td>
          <td>
            reportable-condition-10
          </td>
          <td>
            rule-summary-10
          </td>
        </tr>
        <tr>
          <td>
            <a
              href="/view-data?id=id-11"
            >
              first-11
               
              last-11
            </a>
            <br />
            DOB: 2000-01-02
          </td>
          <td>
            2021-01-02
          </td>
          <td>
            2021-01-02
          </td>
          <td>
            reportable-condition-11
          </td>
          <td>
            rule-summary-11
          </td>
        </tr>
        <tr>
          <td>
            <a
              href="/view-data?id=id-12"
            >
              first-12
               
              last-12
            </a>
            <br />
            DOB: 2000-01-03
          </td>
          <td>
            2021-01-03
          </td>
          <td>
            2021-01-03
          </td>
          <td>
            reportable-condition-12
          </td>
          <td>
            rule-summary-12
          </td>
        </tr>
        <tr>
          <td>
            <a
              href="/view-data?id=id-13"
            >
              first-13
               
              last-13
            </a>
            <br />
            DOB: 2000-01-04
          </td>
          <td>
            2021-01-04
          </td>
          <td>
            2021-01-04
          </td>
          <td>
            reportable-condition-13
          </td>
          <td>
            rule-summary-13
          </td>
        </tr>
        <tr>
          <td>
            <a
              href="/view-data?id=id-14"
            >
              first-14
               
              last-14
            </a>
            <br />
            DOB: 2000-01-05
          </td>
          <td>
            2021-01-05
          </td>
          <td>
            2021-01-05
          </td>
          <td>
            reportable-condition-14
          </td>
          <td>
            rule-summary-14
          </td>
        </tr>
        <tr>
          <td>
            <a
              href="/view-data?id=id-15"
            >
              first-15
               
              last-15
            </a>
            <br />
            DOB: 2000-01-06
          </td>
          <td>
            2021-01-06
          </td>
          <td>
            2021-01-06
          </td>
          <td>
            reportable-condition-15
          </td>
          <td>
            rule-summary-15
          </td>
        </tr>
        <tr>
          <td>
            <a
              href="/view-data?id=id-16"
            >
              first-16
               
              last-16
            </a>
            <br />
            DOB: 2000-01-07
          </td>
          <td>
            2021-01-07
          </td>
          <td>
            2021-01-07
          </td>
          <td>
            reportable-condition-16
          </td>
          <td>
            rule-summary-16
          </td>
        </tr>
        <tr>
          <td>
            <a
              href="/view-data?id=id-17"
            >
              first-17
               
              last-17
            </a>
            <br />
            DOB: 2000-01-08
          </td>
          <td>
            2021-01-08
          </td>
          <td>
            2021-01-08
          </td>
          <td>
            reportable-condition-17
          </td>
          <td>
            rule-summary-17
          </td>
        </tr>
        <tr>
          <td>
            <a
              href="/view-data?id=id-18"
            >
              first-18
               
              last-18
            </a>
            <br />
            DOB: 2000-01-09
          </td>
          <td>
            2021-01-09
          </td>
          <td>
            2021-01-09
          </td>
          <td>
            reportable-condition-18
          </td>
          <td>
            rule-summary-18
          </td>
        </tr>
        <tr>
          <td>
            <a
              href="/view-data?id=id-19"
            >
              first-19
               
              last-19
            </a>
            <br />
            DOB: 2000-01-01
          </td>
          <td>
            2021-01-01
          </td>
          <td>
            2021-01-01
          </td>
          <td>
            reportable-condition-19
          </td>
          <td>
            rule-summary-19
          </td>
        </tr>
        <tr>
          <td>
            <a
              href="/view-data?id=id-20"
            >
              first-20
               
              last-20
            </a>
            <br />
            DOB: 2000-01-02
          </td>
          <td>
            2021-01-02
          </td>
          <td>
            2021-01-02
          </td>
          <td>
            reportable-condition-20
          </td>
          <td>
            rule-summary-20
          </td>
        </tr>
        <tr>
          <td>
            <a
              href="/view-data?id=id-21"
            >
              first-21
               
              last-21
            </a>
            <br />
            DOB: 2000-01-03
          </td>
          <td>
            2021-01-03
          </td>
          <td>
            2021-01-03
          </td>
          <td>
            reportable-condition-21
          </td>
          <td>
            rule-summary-21
          </td>
        </tr>
        <tr>
          <td>
            <a
              href="/view-data?id=id-22"
            >
              first-22
               
              last-22
            </a>
            <br />
            DOB: 2000-01-04
          </td>
          <td>
            2021-01-04
          </td>
          <td>
            2021-01-04
          </td>
          <td>
            reportable-condition-22
          </td>
          <td>
            rule-summary-22
          </td>
        </tr>
        <tr>
          <td>
            <a
              href="/view-data?id=id-23"
            >
              first-23
               
              last-23
            </a>
            <br />
            DOB: 2000-01-05
          </td>
          <td>
            2021-01-05
          </td>
          <td>
            2021-01-05
          </td>
          <td>
            reportable-condition-23
          </td>
          <td>
            rule-summary-23
          </td>
        </tr>
        <tr>
          <td>
            <a
              href="/view-data?id=id-24"
            >
              first-24
               
              last-24
            </a>
            <br />
            DOB: 2000-01-06
          </td>
          <td>
            2021-01-06
          </td>
          <td>
            2021-01-06
          </td>
          <td>
            reportable-condition-24
          </td>
          <td>
            rule-summary-24
          </td>
        </tr>
        <tr>
          <td>
            <a
              href="/view-data?id=id-25"
            >
              first-25
               
              last-25
            </a>
            <br />
            DOB: 2000-01-07
          </td>
          <td>
            2021-01-07
          </td>
          <td>
            2021-01-07
          </td>
          <td>
            reportable-condition-25
          </td>
          <td>
            rule-summary-25
          </td>
        </tr>
<<<<<<< HEAD
        <tr>
          <td>
            <a
              href="/view-data?id=id-26"
            >
              first-26
               
              last-26
            </a>
            <br />
            DOB: 2000-01-08
          </td>
          <td>
            2021-01-08
          </td>
          <td>
            2021-01-08
          </td>
          <td>
            reportable-condition-26
          </td>
          <td>
            rule-summary-26
          </td>
        </tr>
        <tr>
          <td>
            <a
              href="/view-data?id=id-27"
            >
              first-27
               
              last-27
            </a>
            <br />
            DOB: 2000-01-09
          </td>
          <td>
            2021-01-09
          </td>
          <td>
            2021-01-09
          </td>
          <td>
            reportable-condition-27
          </td>
          <td>
            rule-summary-27
          </td>
        </tr>
        <tr>
          <td>
            <a
              href="/view-data?id=id-28"
            >
              first-28
               
              last-28
            </a>
            <br />
            DOB: 2000-01-01
          </td>
          <td>
            2021-01-01
          </td>
          <td>
            2021-01-01
          </td>
          <td>
            reportable-condition-28
          </td>
          <td>
            rule-summary-28
          </td>
        </tr>
        <tr>
          <td>
            <a
              href="/view-data?id=id-29"
            >
              first-29
               
              last-29
            </a>
            <br />
            DOB: 2000-01-02
          </td>
          <td>
            2021-01-02
          </td>
          <td>
            2021-01-02
          </td>
          <td>
            reportable-condition-29
          </td>
          <td>
            rule-summary-29
          </td>
        </tr>
        <tr>
          <td>
            <a
              href="/view-data?id=id-30"
            >
              first-30
               
              last-30
            </a>
            <br />
            DOB: 2000-01-03
          </td>
          <td>
            2021-01-03
          </td>
          <td>
            2021-01-03
          </td>
          <td>
            reportable-condition-30
          </td>
          <td>
            rule-summary-30
          </td>
        </tr>
        <tr>
          <td>
            <a
              href="/view-data?id=id-31"
            >
              first-31
               
              last-31
            </a>
            <br />
            DOB: 2000-01-04
          </td>
          <td>
            2021-01-04
          </td>
          <td>
            2021-01-04
          </td>
          <td>
            reportable-condition-31
          </td>
          <td>
            rule-summary-31
          </td>
        </tr>
        <tr>
          <td>
            <a
              href="/view-data?id=id-32"
            >
              first-32
               
              last-32
            </a>
            <br />
            DOB: 2000-01-05
          </td>
          <td>
            2021-01-05
          </td>
          <td>
            2021-01-05
          </td>
          <td>
            reportable-condition-32
          </td>
          <td>
            rule-summary-32
          </td>
        </tr>
        <tr>
          <td>
            <a
              href="/view-data?id=id-33"
            >
              first-33
               
              last-33
            </a>
            <br />
            DOB: 2000-01-06
          </td>
          <td>
            2021-01-06
          </td>
          <td>
            2021-01-06
          </td>
          <td>
            reportable-condition-33
          </td>
          <td>
            rule-summary-33
          </td>
        </tr>
        <tr>
          <td>
            <a
              href="/view-data?id=id-34"
            >
              first-34
               
              last-34
            </a>
            <br />
            DOB: 2000-01-07
          </td>
          <td>
            2021-01-07
          </td>
          <td>
            2021-01-07
          </td>
          <td>
            reportable-condition-34
          </td>
          <td>
            rule-summary-34
          </td>
        </tr>
        <tr>
          <td>
            <a
              href="/view-data?id=id-35"
            >
              first-35
               
              last-35
            </a>
            <br />
            DOB: 2000-01-08
          </td>
          <td>
            2021-01-08
          </td>
          <td>
            2021-01-08
          </td>
          <td>
            reportable-condition-35
          </td>
          <td>
            rule-summary-35
          </td>
        </tr>
        <tr>
          <td>
            <a
              href="/view-data?id=id-36"
            >
              first-36
               
              last-36
            </a>
            <br />
            DOB: 2000-01-09
          </td>
          <td>
            2021-01-09
          </td>
          <td>
            2021-01-09
          </td>
          <td>
            reportable-condition-36
          </td>
          <td>
            rule-summary-36
          </td>
        </tr>
        <tr>
          <td>
            <a
              href="/view-data?id=id-37"
            >
              first-37
               
              last-37
            </a>
            <br />
            DOB: 2000-01-01
          </td>
          <td>
            2021-01-01
          </td>
          <td>
            2021-01-01
          </td>
          <td>
            reportable-condition-37
          </td>
          <td>
            rule-summary-37
          </td>
        </tr>
        <tr>
          <td>
            <a
              href="/view-data?id=id-38"
            >
              first-38
               
              last-38
            </a>
            <br />
            DOB: 2000-01-02
          </td>
          <td>
            2021-01-02
          </td>
          <td>
            2021-01-02
          </td>
          <td>
            reportable-condition-38
          </td>
          <td>
            rule-summary-38
          </td>
        </tr>
        <tr>
          <td>
            <a
              href="/view-data?id=id-39"
            >
              first-39
               
              last-39
            </a>
            <br />
            DOB: 2000-01-03
          </td>
          <td>
            2021-01-03
          </td>
          <td>
            2021-01-03
          </td>
          <td>
            reportable-condition-39
          </td>
          <td>
            rule-summary-39
          </td>
        </tr>
        <tr>
          <td>
            <a
              href="/view-data?id=id-40"
            >
              first-40
               
              last-40
            </a>
            <br />
            DOB: 2000-01-04
          </td>
          <td>
            2021-01-04
          </td>
          <td>
            2021-01-04
          </td>
          <td>
            reportable-condition-40
          </td>
          <td>
            rule-summary-40
          </td>
        </tr>
        <tr>
          <td>
            <a
              href="/view-data?id=id-41"
            >
              first-41
               
              last-41
            </a>
            <br />
            DOB: 2000-01-05
          </td>
          <td>
            2021-01-05
          </td>
          <td>
            2021-01-05
          </td>
          <td>
            reportable-condition-41
          </td>
          <td>
            rule-summary-41
          </td>
        </tr>
        <tr>
          <td>
            <a
              href="/view-data?id=id-42"
            >
              first-42
               
              last-42
            </a>
            <br />
            DOB: 2000-01-06
          </td>
          <td>
            2021-01-06
          </td>
          <td>
            2021-01-06
          </td>
          <td>
            reportable-condition-42
          </td>
          <td>
            rule-summary-42
          </td>
        </tr>
        <tr>
          <td>
            <a
              href="/view-data?id=id-43"
            >
              first-43
               
              last-43
            </a>
            <br />
            DOB: 2000-01-07
          </td>
          <td>
            2021-01-07
          </td>
          <td>
            2021-01-07
          </td>
          <td>
            reportable-condition-43
          </td>
          <td>
            rule-summary-43
          </td>
        </tr>
        <tr>
          <td>
            <a
              href="/view-data?id=id-44"
            >
              first-44
               
              last-44
            </a>
            <br />
            DOB: 2000-01-08
          </td>
          <td>
            2021-01-08
          </td>
          <td>
            2021-01-08
          </td>
          <td>
            reportable-condition-44
          </td>
          <td>
            rule-summary-44
          </td>
        </tr>
        <tr>
          <td>
            <a
              href="/view-data?id=id-45"
            >
              first-45
               
              last-45
            </a>
            <br />
            DOB: 2000-01-09
          </td>
          <td>
            2021-01-09
          </td>
          <td>
            2021-01-09
          </td>
          <td>
            reportable-condition-45
          </td>
          <td>
            rule-summary-45
          </td>
        </tr>
        <tr>
          <td>
            <a
              href="/view-data?id=id-46"
            >
              first-46
               
              last-46
            </a>
            <br />
            DOB: 2000-01-01
          </td>
          <td>
            2021-01-01
          </td>
          <td>
            2021-01-01
          </td>
          <td>
            reportable-condition-46
          </td>
          <td>
            rule-summary-46
          </td>
        </tr>
        <tr>
          <td>
            <a
              href="/view-data?id=id-47"
            >
              first-47
               
              last-47
            </a>
            <br />
            DOB: 2000-01-02
          </td>
          <td>
            2021-01-02
          </td>
          <td>
            2021-01-02
          </td>
          <td>
            reportable-condition-47
          </td>
          <td>
            rule-summary-47
          </td>
        </tr>
        <tr>
          <td>
            <a
              href="/view-data?id=id-48"
            >
              first-48
               
              last-48
            </a>
            <br />
            DOB: 2000-01-03
          </td>
          <td>
            2021-01-03
          </td>
          <td>
            2021-01-03
          </td>
          <td>
            reportable-condition-48
          </td>
          <td>
            rule-summary-48
          </td>
        </tr>
        <tr>
          <td>
            <a
              href="/view-data?id=id-49"
            >
              first-49
               
              last-49
            </a>
            <br />
            DOB: 2000-01-04
          </td>
          <td>
            2021-01-04
          </td>
          <td>
            2021-01-04
          </td>
          <td>
            reportable-condition-49
          </td>
          <td>
            rule-summary-49
          </td>
        </tr>
        <tr>
          <td>
            <a
              href="/view-data?id=id-50"
            >
              first-50
               
              last-50
            </a>
            <br />
            DOB: 2000-01-05
          </td>
          <td>
            2021-01-05
          </td>
          <td>
            2021-01-05
          </td>
          <td>
            reportable-condition-50
          </td>
          <td>
            rule-summary-50
          </td>
        </tr>
        <tr>
          <td>
            <a
              href="/view-data?id=id-51"
            >
              first-51
               
              last-51
            </a>
            <br />
            DOB: 2000-01-06
          </td>
          <td>
            2021-01-06
          </td>
          <td>
            2021-01-06
          </td>
          <td>
            reportable-condition-51
          </td>
          <td>
            rule-summary-51
          </td>
        </tr>
=======
>>>>>>> main
      </tbody>
    </table>
  </div>
</div>
`;
