// Jest Snapshot v1, https://goo.gl/fbAQLP

exports[`SectionConfig should match the snapshot 1`] = `
<DocumentFragment>
  <div
    class="nav-wrapper padding-top-1-25"
  >
    <nav
      class="sticky-nav top-550"
    >
      <ul
        class="usa-sidenav"
        data-testid="sidenav"
      >
        <li
          class="usa-sidenav__item"
        >
          <a
            class=""
            href="#section-1"
          >
            Section 1
          </a>
        </li>
        <li
          class="usa-sidenav__item"
        >
          <a
            class=""
            href="#section-2"
          >
            Section 2
          </a>
        </li>
        <li
          class="usa-sidenav__item"
        >
          <ul
            class="usa-sidenav__sublist"
            data-testid="sidenav"
          >
            <li
              class="usa-sidenav__item"
            >
              <a
                class=""
                href="#section-3"
              >
                Section 3
              </a>
            </li>
            <li
              class="usa-sidenav__item"
            >
              <ul
                class="usa-sidenav__sublist"
                data-testid="sidenav"
              >
                <li
                  class="usa-sidenav__item"
                >
                  <a
                    class=""
                    href="#section-4"
                  >
                    Section 4
                  </a>
                </li>
              </ul>
            </li>
            <li
              class="usa-sidenav__item"
            >
              <a
                class=""
                href="#section-2---2"
              >
                Section 2 - 2
              </a>
            </li>
          </ul>
        </li>
      </ul>
    </nav>
  </div>
  <h2
    data-sectionid="section-1"
    id="section-1"
  >
    Section 1
  </h2>
  <h2
    data-sectionid="section-2"
    id="section-2"
  >
    Section 2
  </h2>
  <h3
    data-sectionid="section-3"
    id="section-3"
  >
    Section 3
  </h3>
  <h4
    data-sectionid="section-4"
    id="section-4"
  >
    Section 4
  </h4>
  <h2
    data-sectionid="section-2---2"
    id="section-2-2"
  >
    Section 2 - 2
  </h2>
</DocumentFragment>
`;
