// Jest Snapshot v1, https://goo.gl/fbAQLP

exports[`SocialHistory should match snapshot 1`] = `
<div>
  <div
    class="margin-top-0"
  >
    <div
      class="padding-bottom-3"
    >
      <div
        class="usa-summary-box__body"
      >
        <h4
          class="usa-summary-box__heading padding-y-105"
          id="social-history"
        >
          Social History
        </h4>
        <div
          class="usa-summary-box__text"
        >
          <div>
            <div
              class="grid-row"
            >
              <div
                class="data-title padding-right-1"
              >
                Occupation
              </div>
              <div
                class="grid-col maxw7 text-pre-line"
              >
                Nursing, psychiatric, and home health aides
              </div>
            </div>
            <div
              class="section__line_gray"
            />
          </div>
          <div>
            <div
              class="grid-row"
            >
              <div
                class="data-title padding-right-1"
              >
                Tobacco Use
              </div>
              <div
                class="grid-col maxw7 text-pre-line"
              >
                Tobacco smoking consumption unknown
              </div>
            </div>
            <div
              class="section__line_gray"
            />
          </div>
          <div>
            <div
              class="grid-row"
            >
              <div
                class="data-title padding-right-1"
              >
                Homeless Status
              </div>
              <div
                class="grid-col maxw7 text-pre-line"
              >
                unsatisfactory living conditions (finding)
              </div>
            </div>
            <div
              class="section__line_gray"
            />
          </div>
          <div>
            <div
              class="grid-row"
            >
              <div
                class="data-title padding-right-1"
              >
                Occupation
              </div>
              <div
                class="grid-col maxw7 text-pre-line"
              >
                Nursing, psychiatric, and home health aides
              </div>
            </div>
            <div
              class="section__line_gray"
            />
          </div>
          <div>
            <div
              class="grid-row"
            >
              <div
                class="data-title padding-right-1"
              >
                Sexual Orientation
              </div>
              <div
                class="grid-col maxw7 text-pre-line"
              >
                Do not know
              </div>
            </div>
            <div
              class="section__line_gray"
            />
          </div>
        </div>
      </div>
    </div>
  </div>
</div>
`;
