// Jest Snapshot v1, https://goo.gl/fbAQLP

exports[`UnavailableInfo should match snapshot 1`] = `
<div>
  <div
    class="margin-top-0"
  >
    <div
      class="padding-bottom-3"
    >
      <div
        class="usa-summary-box__body"
      >
        <div
          class="margin-bottom-4"
        >
          <h3
            class="usa-summary-box__heading padding-bottom-205 unavailable-info"
          >
            Demographics
          </h3>
          <div
            class="usa-summary-box__text"
          >
            <div>
              <div
                class="grid-row"
              >
                <div
                  class="data-title padding-right-1"
                >
                  Tribal Affiliation
                </div>
                <div
                  class="grid-col maxw7 text-pre-line text-italic text-base"
                >
                  No data
                </div>
              </div>
              <div
                class="section__line_gray"
              />
            </div>
            <div>
              <div
                class="grid-row"
              >
                <div
                  class="data-title padding-right-1"
                >
                  Preffered Language
                </div>
                <div
                  class="grid-col maxw7 text-pre-line text-italic text-base"
                >
                  No data
                </div>
              </div>
              <div
                class="section__line_gray"
              />
            </div>
          </div>
        </div>
        <div
          class="margin-bottom-4"
        >
          <h3
            class="usa-summary-box__heading padding-bottom-205 unavailable-info"
          >
            Social History
          </h3>
          <div
            class="usa-summary-box__text"
          >
            <div>
              <div
                class="grid-row"
              >
                <div
                  class="data-title padding-right-1"
                >
                  Travel History
                </div>
                <div
                  class="grid-col maxw7 text-pre-line text-italic text-base"
                >
                  No data
                </div>
              </div>
              <div
                class="section__line_gray"
              />
            </div>
            <div>
              <div
                class="grid-row"
              >
                <div
                  class="data-title padding-right-1"
                >
                  Pregnancy Status
                </div>
                <div
                  class="grid-col maxw7 text-pre-line text-italic text-base"
                >
                  No data
                </div>
              </div>
              <div
                class="section__line_gray"
              />
            </div>
            <div>
              <div
                class="grid-row"
              >
                <div
                  class="data-title padding-right-1"
                >
                  Alcohol Use
                </div>
                <div
                  class="grid-col maxw7 text-pre-line text-italic text-base"
                >
                  No data
                </div>
              </div>
              <div
                class="section__line_gray"
              />
            </div>
            <div>
              <div
                class="grid-row"
              >
                <div
                  class="data-title padding-right-1"
                >
                  Sexual Orientation
                </div>
                <div
                  class="grid-col maxw7 text-pre-line text-italic text-base"
                >
                  No data
                </div>
              </div>
              <div
                class="section__line_gray"
              />
            </div>
            <div>
              <div
                class="grid-row"
              >
                <div
                  class="data-title padding-right-1"
                >
                  Gender Identity
                </div>
                <div
                  class="grid-col maxw7 text-pre-line text-italic text-base"
                >
                  No data
                </div>
              </div>
              <div
                class="section__line_gray"
              />
            </div>
          </div>
        </div>
        <div
          class="margin-bottom-4"
        >
          <h3
            class="usa-summary-box__heading padding-bottom-205 unavailable-info"
          >
            Encounter Details
          </h3>
          <div
            class="usa-summary-box__text"
          >
            <div>
              <div
                class="grid-row"
              >
                <div
                  class="data-title padding-right-1"
                >
                  Encounter type
                </div>
                <div
                  class="grid-col maxw7 text-pre-line text-italic text-base"
                >
                  No data
                </div>
              </div>
              <div
                class="section__line_gray"
              />
            </div>
          </div>
        </div>
        <div
          class="margin-bottom-4"
        >
          <h3
            class="usa-summary-box__heading padding-bottom-205 unavailable-info"
          >
            Facility Details
          </h3>
          <div
            class="usa-summary-box__text"
          >
            <div>
              <div
                class="grid-row"
              >
                <div
                  class="data-title padding-right-1"
                >
                  Facility Address
                </div>
                <div
                  class="grid-col maxw7 text-pre-line text-italic text-base"
                >
                  No data
                </div>
              </div>
              <div
                class="section__line_gray"
              />
            </div>
          </div>
        </div>
        <div
          class="margin-bottom-4"
        >
          <h3
            class="usa-summary-box__heading padding-bottom-205 unavailable-info"
          >
            Clinical Notes
          </h3>
          <div
            class="usa-summary-box__text"
          >
            <div>
              <div
                class="grid-row"
              >
                <div
                  class="data-title padding-right-1"
                >
                  Miscellaneous Notes
                </div>
                <div
                  class="grid-col maxw7 text-pre-line text-italic text-base"
                >
                  No data
                </div>
              </div>
              <div
                class="section__line_gray"
              />
            </div>
          </div>
        </div>
        <div
          class="margin-bottom-4"
        >
          <h3
            class="usa-summary-box__heading padding-bottom-205 unavailable-info"
          >
            Provider Details
          </h3>
          <div
            class="usa-summary-box__text"
          >
            <div>
              <div
                class="grid-row"
              >
                <div
                  class="data-title padding-right-1"
                >
                  Provider Name
                </div>
                <div
                  class="grid-col maxw7 text-pre-line text-italic text-base"
                >
                  No data
                </div>
              </div>
              <div
                class="section__line_gray"
              />
            </div>
          </div>
        </div>
        <div
          class="margin-bottom-4"
        >
          <h3
            class="usa-summary-box__heading padding-bottom-205 unavailable-info"
          >
            Symptoms and Problems
          </h3>
          <div
            class="usa-summary-box__text"
          >
            <div>
              <div
                class="grid-row"
              >
                <div
                  class="data-title padding-right-1"
                >
                  Reason for Visit
                </div>
                <div
                  class="grid-col maxw7 text-pre-line text-italic text-base"
                >
                  No data
                </div>
              </div>
              <div
                class="section__line_gray"
              />
            </div>
            <div>
              <div
                class="grid-row"
              >
                <div
                  class="data-title padding-right-1"
                >
                  Problems List
                </div>
                <div
                  class="grid-col maxw7 text-pre-line text-italic text-base"
                >
                  No data
                </div>
              </div>
              <div
                class="section__line_gray"
              />
            </div>
          </div>
        </div>
        <div
          class="margin-bottom-4"
        >
          <h3
            class="usa-summary-box__heading padding-bottom-205 unavailable-info"
          >
            Diagnostics and Vital Signs
          </h3>
          <div
            class="usa-summary-box__text"
          >
            <div>
              <div
                class="grid-row"
              >
                <div
                  class="data-title padding-right-1"
                >
                  Vitals
                </div>
                <div
                  class="grid-col maxw7 text-pre-line text-italic text-base"
                >
                  No data
                </div>
              </div>
              <div
                class="section__line_gray"
              />
            </div>
          </div>
        </div>
        <div
          class="margin-bottom-4"
        >
          <h3
            class="usa-summary-box__heading padding-bottom-205 unavailable-info"
          >
            Immunizations
          </h3>
          <div
            class="usa-summary-box__text"
          >
            <div>
              <div
                class="grid-row"
              >
                <div
                  class="data-title padding-right-1"
                >
                  Immunization History
                </div>
                <div
                  class="grid-col maxw7 text-pre-line text-italic text-base"
                >
                  No data
                </div>
              </div>
              <div
                class="section__line_gray"
              />
            </div>
          </div>
        </div>
        <div
          class="margin-bottom-4"
        >
          <h3
            class="usa-summary-box__heading padding-bottom-205 unavailable-info"
          >
            Treatment Details
          </h3>
          <div
            class="usa-summary-box__text"
          >
            <div>
              <div
                class="grid-row"
              >
                <div
                  class="data-title padding-right-1"
                >
                  Procedures
                </div>
                <div
                  class="grid-col maxw7 text-pre-line text-italic text-base"
                >
                  No data
                </div>
              </div>
              <div
                class="section__line_gray"
              />
            </div>
          </div>
        </div>
        <div
          class="margin-bottom-4"
        >
          <h3
            class="usa-summary-box__heading padding-bottom-205 unavailable-info"
          >
            eCR Metadata
          </h3>
          <div
            class="usa-summary-box__text"
          >
            <div>
              <div
                class="grid-row"
              >
                <div
                  class="data-title padding-right-1"
                >
                  EHR Software Name
                </div>
                <div
                  class="grid-col maxw7 text-pre-line text-italic text-base"
                >
                  No data
                </div>
              </div>
              <div
                class="section__line_gray"
              />
            </div>
            <div>
              <div
                class="grid-row"
              >
                <div
                  class="data-title padding-right-1"
                >
                  Custodian Contact
                </div>
                <div
                  class="grid-col maxw7 text-pre-line text-italic text-base"
                >
                  No data
                </div>
              </div>
              <div
                class="section__line_gray"
              />
            </div>
          </div>
        </div>
      </div>
    </div>
  </div>
</div>
`;
